// Jest Snapshot v1, https://goo.gl/fbAQLP

exports[`matches snapshot 1`] = `
<DocumentFragment>
  <div>
    <h1>
      Logging you out!
    </h1>
    <h5>
      Have a good day!
    </h5>
  </div>
</DocumentFragment>
`;
